<html>
<body>
<pre>
<h1>µVision Build Log</h1>
<h2>Project:</h2>
C:\Users\lalit\Documents\GHES\GHES.uvproj
Project File Date:  04/22/2019

<h2>Output:</h2>
Build target 'Target 1'
assembling Startup.s...
compiling main.c...
main.c(5): warning:  #1-D: last line of file ends without a newline
linking...
Program Size: Code=472 RO-data=16 RW-data=0 ZI-data=1256  
"GHES.axf" - 0 Error(s), 1 Warning(s).
Build target 'Target 1'
compiling ApplicationEntryPoint.c...
ApplicationEntryPoint.c(1): error:  #5: cannot open source input file "LPC2148.H": No such file or directory
compiling Constants.c...
compiling DisplayManager.c...
DisplayManager.c(3): warning:  #1-D: last line of file ends without a newline
compiling GSMManager.c...
GSMManager.c(3): warning:  #1-D: last line of file ends without a newline
compiling IOManager.c...
IOManager.c(3): warning:  #1-D: last line of file ends without a newline
compiling SensorManager.c...
compiling StorageManager.c...
StorageManager.c(3): warning:  #1-D: last line of file ends without a newline
compiling UpdateManager.c...
IOManager.h(22): warning:  #1-D: last line of file ends without a newline
UpdateManager.h(10): warning:  #1295-D: Deprecated declaration configureRTC - give arg types
UpdateManager.h(23): warning:  #1295-D: Deprecated declaration updateSensorData - give arg types
UpdateManager.h(26): warning:  #1295-D: Deprecated declaration updateDisplay - give arg types
UpdateManager.h(30): warning:  #1295-D: Deprecated declaration sendAverageToGSM - give arg types
UpdateManager.h(32): warning:  #1-D: last line of file ends without a newline
UpdateManager.c(14): error:  #141-D: unnamed prototyped parameters not allowed when body is present
UpdateManager.c(20): error:  #20: identifier "z" is undefined
UpdateManager.c(23): warning:  #1-D: last line of file ends without a newline
Target not created
Build target 'Target 1'
compiling ApplicationEntryPoint.c...
IOManager.h(22): warning:  #1-D: last line of file ends without a newline
UpdateManager.h(10): warning:  #1295-D: Deprecated declaration configureRTC - give arg types
UpdateManager.h(23): warning:  #1295-D: Deprecated declaration updateSensorData - give arg types
UpdateManager.h(26): warning:  #1295-D: Deprecated declaration updateDisplay - give arg types
UpdateManager.h(30): warning:  #1295-D: Deprecated declaration sendAverageToGSM - give arg types
UpdateManager.h(32): warning:  #1-D: last line of file ends without a newline
StorageManager.h(10): error:  #130: expected a "{"
StorageManager.h(14): warning:  #1-D: last line of file ends without a newline
DisplayManager.h(18): warning:  #1-D: last line of file ends without a newline
GSMManager.h(12): warning:  #1-D: last line of file ends without a newline
ApplicationEntryPoint.c(10): warning:  #12-D: parsing restarts here after previous syntax error
ApplicationEntryPoint.c(12): warning:  #223-D: function "configureLCD" declared implicitly
ApplicationEntryPoint.c(17): warning:  #223-D: function "configureGSM" declared implicitly
ApplicationEntryPoint.c(19): warning:  #223-D: function "updateLCDState" declared implicitly
ApplicationEntryPoint.c(19): error:  #20: identifier "STATE_STARTUP" is undefined
ApplicationEntryPoint.c(24): error:  #20: identifier "STATE_GETTING_SENSOR_DATA" is undefined
ApplicationEntryPoint.c(28): error:  #20: identifier "STATE_STORED_SENSOR_DATA" is undefined
ApplicationEntryPoint.c(34): warning:  #111-D: statement is unreachable
ApplicationEntryPoint.c(34): error:  #118: a void function may not return a value
ApplicationEntryPoint.c(35): warning:  #1-D: last line of file ends without a newline
compiling UpdateManager.c...
IOManager.h(22): warning:  #1-D: last line of file ends without a newline
UpdateManager.h(10): warning:  #1295-D: Deprecated declaration configureRTC - give arg types
UpdateManager.h(23): warning:  #1295-D: Deprecated declaration updateSensorData - give arg types
UpdateManager.h(26): warning:  #1295-D: Deprecated declaration updateDisplay - give arg types
UpdateManager.h(30): warning:  #1295-D: Deprecated declaration sendAverageToGSM - give arg types
UpdateManager.h(32): warning:  #1-D: last line of file ends without a newline
UpdateManager.c(14): error:  #141-D: unnamed prototyped parameters not allowed when body is present
UpdateManager.c(20): error:  #20: identifier "z" is undefined
UpdateManager.c(23): warning:  #1-D: last line of file ends without a newline
Target not created
Clean started: Project: 'GHES'
   deleting intermediate output files for target 'Target 1'
Build target 'Target 1'
assembling Startup.s...
compiling ApplicationEntryPoint.c...
IOManager.h(22): warning:  #1-D: last line of file ends without a newline
UpdateManager.h(10): warning:  #1295-D: Deprecated declaration configureRTC - give arg types
UpdateManager.h(23): warning:  #1295-D: Deprecated declaration updateSensorData - give arg types
UpdateManager.h(26): warning:  #1295-D: Deprecated declaration updateDisplay - give arg types
UpdateManager.h(30): warning:  #1295-D: Deprecated declaration sendAverageToGSM - give arg types
UpdateManager.h(32): warning:  #1-D: last line of file ends without a newline
StorageManager.h(10): error:  #130: expected a "{"
StorageManager.h(14): warning:  #1-D: last line of file ends without a newline
DisplayManager.h(18): warning:  #1-D: last line of file ends without a newline
GSMManager.h(12): warning:  #1-D: last line of file ends without a newline
ApplicationEntryPoint.c(10): warning:  #12-D: parsing restarts here after previous syntax error
ApplicationEntryPoint.c(12): warning:  #223-D: function "configureLCD" declared implicitly
ApplicationEntryPoint.c(17): warning:  #223-D: function "configureGSM" declared implicitly
ApplicationEntryPoint.c(19): warning:  #223-D: function "updateLCDState" declared implicitly
ApplicationEntryPoint.c(19): error:  #20: identifier "STATE_STARTUP" is undefined
ApplicationEntryPoint.c(24): error:  #20: identifier "STATE_GETTING_SENSOR_DATA" is undefined
ApplicationEntryPoint.c(28): error:  #20: identifier "STATE_STORED_SENSOR_DATA" is undefined
ApplicationEntryPoint.c(34): warning:  #111-D: statement is unreachable
ApplicationEntryPoint.c(34): error:  #118: a void function may not return a value
ApplicationEntryPoint.c(35): warning:  #1-D: last line of file ends without a newline
compiling Constants.c...
compiling DisplayManager.c...
DisplayManager.c(3): warning:  #1-D: last line of file ends without a newline
compiling GSMManager.c...
GSMManager.c(3): warning:  #1-D: last line of file ends without a newline
compiling IOManager.c...
IOManager.c(3): warning:  #1-D: last line of file ends without a newline
compiling SensorManager.c...
compiling StorageManager.c...
StorageManager.c(3): warning:  #1-D: last line of file ends without a newline
compiling UpdateManager.c...
IOManager.h(22): warning:  #1-D: last line of file ends without a newline
UpdateManager.h(10): warning:  #1295-D: Deprecated declaration configureRTC - give arg types
UpdateManager.h(23): warning:  #1295-D: Deprecated declaration updateSensorData - give arg types
UpdateManager.h(26): warning:  #1295-D: Deprecated declaration updateDisplay - give arg types
UpdateManager.h(30): warning:  #1295-D: Deprecated declaration sendAverageToGSM - give arg types
UpdateManager.h(32): warning:  #1-D: last line of file ends without a newline
UpdateManager.c(14): error:  #141-D: unnamed prototyped parameters not allowed when body is present
UpdateManager.c(20): error:  #20: identifier "z" is undefined
UpdateManager.c(23): warning:  #1-D: last line of file ends without a newline
Target not created
Build target 'Target 1'
compiling ApplicationEntryPoint.c...
IOManager.h(22): warning:  #1-D: last line of file ends without a newline
UpdateManager.h(10): warning:  #1295-D: Deprecated declaration configureRTC - give arg types
UpdateManager.h(23): warning:  #1295-D: Deprecated declaration updateSensorData - give arg types
UpdateManager.h(26): warning:  #1295-D: Deprecated declaration updateDisplay - give arg types
UpdateManager.h(30): warning:  #1295-D: Deprecated declaration sendAverageToGSM - give arg types
UpdateManager.h(32): warning:  #1-D: last line of file ends without a newline
StorageManager.h(14): warning:  #1-D: last line of file ends without a newline
DisplayManager.h(18): warning:  #1-D: last line of file ends without a newline
GSMManager.h(12): warning:  #1-D: last line of file ends without a newline
ApplicationEntryPoint.c(34): warning:  #111-D: statement is unreachable
ApplicationEntryPoint.c(35): warning:  #1-D: last line of file ends without a newline
compiling UpdateManager.c...
IOManager.h(22): warning:  #1-D: last line of file ends without a newline
UpdateManager.h(10): warning:  #1295-D: Deprecated declaration configureRTC - give arg types
UpdateManager.h(23): warning:  #1295-D: Deprecated declaration updateSensorData - give arg types
UpdateManager.h(26): warning:  #1295-D: Deprecated declaration updateDisplay - give arg types
UpdateManager.h(30): warning:  #1295-D: Deprecated declaration sendAverageToGSM - give arg types
UpdateManager.h(32): warning:  #1-D: last line of file ends without a newline
UpdateManager.c(14): error:  #141-D: unnamed prototyped parameters not allowed when body is present
UpdateManager.c(20): error:  #20: identifier "z" is undefined
UpdateManager.c(23): warning:  #1-D: last line of file ends without a newline
Target not created
Build target 'Target 1'
compiling ApplicationEntryPoint.c...
IOManager.h(22): warning:  #1-D: last line of file ends without a newline
UpdateManager.h(30): warning:  #1295-D: Deprecated declaration sendAverageToGSM - give arg types
UpdateManager.h(32): warning:  #1-D: last line of file ends without a newline
StorageManager.h(14): warning:  #1-D: last line of file ends without a newline
DisplayManager.h(18): warning:  #1-D: last line of file ends without a newline
GSMManager.h(12): warning:  #1-D: last line of file ends without a newline
ApplicationEntryPoint.c(34): warning:  #111-D: statement is unreachable
ApplicationEntryPoint.c(35): warning:  #1-D: last line of file ends without a newline
compiling UpdateManager.c...
IOManager.h(22): warning:  #1-D: last line of file ends without a newline
UpdateManager.h(30): warning:  #1295-D: Deprecated declaration sendAverageToGSM - give arg types
UpdateManager.h(32): warning:  #1-D: last line of file ends without a newline
UpdateManager.c(14): error:  #141-D: unnamed prototyped parameters not allowed when body is present
UpdateManager.c(20): error:  #20: identifier "z" is undefined
UpdateManager.c(23): warning:  #1-D: last line of file ends without a newline
Target not created
Build target 'Target 1'
compiling UpdateManager.c...
IOManager.h(22): warning:  #1-D: last line of file ends without a newline
UpdateManager.h(30): warning:  #1295-D: Deprecated declaration sendAverageToGSM - give arg types
UpdateManager.h(32): warning:  #1-D: last line of file ends without a newline
UpdateManager.c(23): warning:  #1-D: last line of file ends without a newline
linking...
GHES.axf: Error: L6218E: Undefined symbol configureADC (referred from applicationentrypoint.o).
GHES.axf: Error: L6218E: Undefined symbol configureGSM (referred from applicationentrypoint.o).
GHES.axf: Error: L6218E: Undefined symbol configureI2C (referred from applicationentrypoint.o).
GHES.axf: Error: L6218E: Undefined symbol configureLCD (referred from applicationentrypoint.o).
GHES.axf: Error: L6218E: Undefined symbol configureRTC (referred from applicationentrypoint.o).
GHES.axf: Error: L6218E: Undefined symbol updateLCDState (referred from applicationentrypoint.o).
GHES.axf: Error: L6218E: Undefined symbol updateSensorData (referred from applicationentrypoint.o).
Target not created
Build target 'Target 1'
compiling ApplicationEntryPoint.c...
IOManager.h(22): warning:  #1-D: last line of file ends without a newline
UpdateManager.h(30): warning:  #1295-D: Deprecated declaration sendAverageToGSM - give arg types
UpdateManager.h(32): warning:  #1-D: last line of file ends without a newline
StorageManager.h(14): warning:  #1-D: last line of file ends without a newline
DisplayManager.h(18): warning:  #1-D: last line of file ends without a newline
GSMManager.h(12): warning:  #1-D: last line of file ends without a newline
ApplicationEntryPoint.c(34): warning:  #111-D: statement is unreachable
ApplicationEntryPoint.c(35): warning:  #1-D: last line of file ends without a newline
compiling DisplayManager.c...
DisplayManager.h(18): warning:  #1-D: last line of file ends without a newline
DisplayManager.c(19): warning:  #1-D: last line of file ends without a newline
compiling GSMManager.c...
GSMManager.c(4): warning:  #1-D: last line of file ends without a newline
IOManager.h(22): warning:  #1-D: last line of file ends without a newline
GSMManager.h(12): warning:  #1-D: last line of file ends without a newline
compiling IOManager.c...
IOManager.c(5): warning:  #1-D: last line of file ends without a newline
IOManager.h(22): warning:  #1-D: last line of file ends without a newline
compiling StorageManager.c...
StorageManager.c(4): warning:  #1-D: last line of file ends without a newline
IOManager.h(22): warning:  #1-D: last line of file ends without a newline
StorageManager.h(14): warning:  #1-D: last line of file ends without a newline
linking...
GHES.axf: Error: L6218E: Undefined symbol configureADC (referred from applicationentrypoint.o).
GHES.axf: Error: L6218E: Undefined symbol configureGSM (referred from applicationentrypoint.o).
GHES.axf: Error: L6218E: Undefined symbol configureI2C (referred from applicationentrypoint.o).
GHES.axf: Error: L6218E: Undefined symbol configureRTC (referred from applicationentrypoint.o).
GHES.axf: Error: L6218E: Undefined symbol updateSensorData (referred from applicationentrypoint.o).
Target not created
Build target 'Target 1'
compiling ApplicationEntryPoint.c...
IOManager.h(22): warning:  #1-D: last line of file ends without a newline
UpdateManager.h(30): warning:  #1295-D: Deprecated declaration sendAverageToGSM - give arg types
UpdateManager.h(32): warning:  #1-D: last line of file ends without a newline
StorageManager.h(15): warning:  #1-D: last line of file ends without a newline
DisplayManager.h(18): warning:  #1-D: last line of file ends without a newline
GSMManager.h(12): warning:  #1-D: last line of file ends without a newline
ApplicationEntryPoint.c(34): warning:  #111-D: statement is unreachable
ApplicationEntryPoint.c(35): warning:  #1-D: last line of file ends without a newline
compiling GSMManager.c...
IOManager.h(22): warning:  #1-D: last line of file ends without a newline
GSMManager.h(12): warning:  #1-D: last line of file ends without a newline
GSMManager.c(14): warning:  #1-D: last line of file ends without a newline
compiling IOManager.c...
IOManager.h(22): warning:  #1-D: last line of file ends without a newline
IOManager.c(25): warning:  #1-D: last line of file ends without a newline
compiling StorageManager.c...
IOManager.h(22): warning:  #1-D: last line of file ends without a newline
StorageManager.h(15): warning:  #1-D: last line of file ends without a newline
StorageManager.c(12): error:  #141-D: unnamed prototyped parameters not allowed when body is present
StorageManager.c(19): warning:  #1-D: last line of file ends without a newline
StorageManager.c(19): warning:  #940-D: missing return statement at end of non-void function "provideAvgOfSensorData"
Target not created
Build target 'Target 1'
compiling StorageManager.c...
IOManager.h(22): warning:  #1-D: last line of file ends without a newline
StorageManager.h(15): warning:  #1-D: last line of file ends without a newline
StorageManager.c(19): warning:  #1-D: last line of file ends without a newline
StorageManager.c(19): warning:  #940-D: missing return statement at end of non-void function "provideAvgOfSensorData"
linking...
GHES.axf: Error: L6218E: Undefined symbol configureRTC (referred from applicationentrypoint.o).
GHES.axf: Error: L6218E: Undefined symbol updateSensorData (referred from applicationentrypoint.o).
Target not created
Build target 'Target 1'
compiling UpdateManager.c...
IOManager.h(22): warning:  #1-D: last line of file ends without a newline
UpdateManager.h(30): warning:  #1295-D: Deprecated declaration sendAverageToGSM - give arg types
UpdateManager.h(32): warning:  #1-D: last line of file ends without a newline
UpdateManager.c(35): warning:  #940-D: missing return statement at end of non-void function "demandTemperatureData"
UpdateManager.c(40): warning:  #940-D: missing return statement at end of non-void function "demandHumidityData"
UpdateManager.c(57): warning:  #1-D: last line of file ends without a newline
linking...
GHES.axf: Error: L6200E: Symbol STATE_STARTUP multiply defined (by displaymanager.o and applicationentrypoint.o).
GHES.axf: Error: L6200E: Symbol STATE_GETTING_SENSOR_DATA multiply defined (by displaymanager.o and applicationentrypoint.o).
GHES.axf: Error: L6200E: Symbol STATE_STORED_SENSOR_DATA multiply defined (by displaymanager.o and applicationentrypoint.o).
GHES.axf: Error: L6200E: Symbol STATE_SENDING_SENSOR_DATA multiply defined (by displaymanager.o and applicationentrypoint.o).
Target not created
Build target 'Target 1'
compiling ApplicationEntryPoint.c...
IOManager.h(22): warning:  #1-D: last line of file ends without a newline
UpdateManager.h(30): warning:  #1295-D: Deprecated declaration sendAverageToGSM - give arg types
UpdateManager.h(32): warning:  #1-D: last line of file ends without a newline
StorageManager.h(15): warning:  #1-D: last line of file ends without a newline
DisplayManager.h(13): warning:  #1-D: last line of file ends without a newline
GSMManager.h(12): warning:  #1-D: last line of file ends without a newline
ApplicationEntryPoint.c(19): error:  #20: identifier "STATE_STARTUP" is undefined
ApplicationEntryPoint.c(24): error:  #20: identifier "STATE_GETTING_SENSOR_DATA" is undefined
ApplicationEntryPoint.c(28): error:  #20: identifier "STATE_STORED_SENSOR_DATA" is undefined
ApplicationEntryPoint.c(34): warning:  #111-D: statement is unreachable
ApplicationEntryPoint.c(35): warning:  #1-D: last line of file ends without a newline
compiling DisplayManager.c...
DisplayManager.h(13): warning:  #1-D: last line of file ends without a newline
DisplayManager.c(23): warning:  #1-D: last line of file ends without a newline
Target not created
Build target 'Target 1'
compiling ApplicationEntryPoint.c...
IOManager.h(22): warning:  #1-D: last line of file ends without a newline
UpdateManager.h(30): warning:  #1295-D: Deprecated declaration sendAverageToGSM - give arg types
UpdateManager.h(32): warning:  #1-D: last line of file ends without a newline
StorageManager.h(15): warning:  #1-D: last line of file ends without a newline
DisplayManager.h(13): warning:  #1-D: last line of file ends without a newline
GSMManager.h(12): warning:  #1-D: last line of file ends without a newline
ApplicationEntryPoint.c(19): error:  #20: identifier "STATE_STARTUP" is undefined
ApplicationEntryPoint.c(24): error:  #20: identifier "STATE_GETTING_SENSOR_DATA" is undefined
ApplicationEntryPoint.c(28): error:  #20: identifier "STATE_STORED_SENSOR_DATA" is undefined
ApplicationEntryPoint.c(34): warning:  #111-D: statement is unreachable
ApplicationEntryPoint.c(35): warning:  #1-D: last line of file ends without a newline
compiling DisplayManager.c...
DisplayManager.h(13): warning:  #1-D: last line of file ends without a newline
DisplayManager.c(24): warning:  #1-D: last line of file ends without a newline
Target not created
Build target 'Target 1'
compiling ApplicationEntryPoint.c...
IOManager.h(22): warning:  #1-D: last line of file ends without a newline
UpdateManager.h(30): warning:  #1295-D: Deprecated declaration sendAverageToGSM - give arg types
UpdateManager.h(32): warning:  #1-D: last line of file ends without a newline
StorageManager.h(15): warning:  #1-D: last line of file ends without a newline
DisplayManager.h(18): warning:  #1-D: last line of file ends without a newline
GSMManager.h(12): warning:  #1-D: last line of file ends without a newline
ApplicationEntryPoint.c(34): warning:  #111-D: statement is unreachable
ApplicationEntryPoint.c(35): warning:  #1-D: last line of file ends without a newline
compiling DisplayManager.c...
DisplayManager.h(18): warning:  #1-D: last line of file ends without a newline
DisplayManager.c(19): warning:  #1-D: last line of file ends without a newline
linking...
GHES.axf: Error: L6200E: Symbol STATE_STARTUP multiply defined (by displaymanager.o and applicationentrypoint.o).
GHES.axf: Error: L6200E: Symbol STATE_GETTING_SENSOR_DATA multiply defined (by displaymanager.o and applicationentrypoint.o).
GHES.axf: Error: L6200E: Symbol STATE_STORED_SENSOR_DATA multiply defined (by displaymanager.o and applicationentrypoint.o).
GHES.axf: Error: L6200E: Symbol STATE_SENDING_SENSOR_DATA multiply defined (by displaymanager.o and applicationentrypoint.o).
Target not created
Build target 'Target 1'
compiling ApplicationEntryPoint.c...
IOManager.h(22): warning:  #1-D: last line of file ends without a newline
UpdateManager.h(30): warning:  #1295-D: Deprecated declaration sendAverageToGSM - give arg types
UpdateManager.h(32): warning:  #1-D: last line of file ends without a newline
StorageManager.h(15): warning:  #1-D: last line of file ends without a newline
DisplayManager.h(13): warning:  #1-D: last line of file ends without a newline
GSMManager.h(12): warning:  #1-D: last line of file ends without a newline
ApplicationEntryPoint.c(19): error:  #20: identifier "STATE_STARTUP" is undefined
ApplicationEntryPoint.c(24): error:  #20: identifier "STATE_GETTING_SENSOR_DATA" is undefined
ApplicationEntryPoint.c(28): error:  #20: identifier "STATE_STORED_SENSOR_DATA" is undefined
ApplicationEntryPoint.c(34): warning:  #111-D: statement is unreachable
ApplicationEntryPoint.c(35): warning:  #1-D: last line of file ends without a newline
compiling DisplayManager.c...
DisplayManager.h(13): warning:  #1-D: last line of file ends without a newline
DisplayManager.c(24): warning:  #1-D: last line of file ends without a newline
Target not created
Build target 'Target 1'
compiling ApplicationEntryPoint.c...
IOManager.h(22): warning:  #1-D: last line of file ends without a newline
UpdateManager.h(30): warning:  #1295-D: Deprecated declaration sendAverageToGSM - give arg types
UpdateManager.h(32): warning:  #1-D: last line of file ends without a newline
StorageManager.h(15): warning:  #1-D: last line of file ends without a newline
DisplayManager.h(13): warning:  #1-D: last line of file ends without a newline
GSMManager.h(12): warning:  #1-D: last line of file ends without a newline
ApplicationEntryPoint.c(34): warning:  #111-D: statement is unreachable
ApplicationEntryPoint.c(35): warning:  #1-D: last line of file ends without a newline
compiling DisplayManager.c...
DisplayManager.h(13): warning:  #1-D: last line of file ends without a newline
DisplayManager.c(20): warning:  #1-D: last line of file ends without a newline
linking...
GHES.axf: Error: L6200E: Symbol TEMP_THRESHOLD multiply defined (by displaymanager.o and applicationentrypoint.o).
GHES.axf: Error: L6200E: Symbol HUMIDITY_THRESHOLD multiply defined (by displaymanager.o and applicationentrypoint.o).
GHES.axf: Error: L6200E: Symbol STATE_STARTUP multiply defined (by displaymanager.o and applicationentrypoint.o).
GHES.axf: Error: L6200E: Symbol STATE_GETTING_SENSOR_DATA multiply defined (by displaymanager.o and applicationentrypoint.o).
GHES.axf: Error: L6200E: Symbol STATE_STORED_SENSOR_DATA multiply defined (by displaymanager.o and applicationentrypoint.o).
GHES.axf: Error: L6200E: Symbol STATE_SENDING_SENSOR_DATA multiply defined (by displaymanager.o and applicationentrypoint.o).
Target not created
Build target 'Target 1'
compiling ApplicationEntryPoint.c...
IOManager.h(22): warning:  #1-D: last line of file ends without a newline
UpdateManager.h(28): warning:  #1295-D: Deprecated declaration sendAverageToGSM - give arg types
UpdateManager.h(30): warning:  #1-D: last line of file ends without a newline
StorageManager.h(13): warning:  #1-D: last line of file ends without a newline
DisplayManager.h(13): warning:  #1-D: last line of file ends without a newline
GSMManager.h(12): warning:  #1-D: last line of file ends without a newline
ApplicationEntryPoint.c(34): warning:  #111-D: statement is unreachable
ApplicationEntryPoint.c(35): warning:  #1-D: last line of file ends without a newline
compiling DisplayManager.c...
DisplayManager.h(13): warning:  #1-D: last line of file ends without a newline
DisplayManager.c(20): warning:  #1-D: last line of file ends without a newline
compiling StorageManager.c...
StorageManager.h(8): error:  #92: identifier-list parameters may only be used in a function definition
StorageManager.h(11): error:  #20: identifier "SensorInformation" is undefined
StorageManager.h(13): warning:  #1-D: last line of file ends without a newline
StorageManager.c(12): error:  #20: identifier "SensorInformation" is undefined
StorageManager.c(17): error:  #20: identifier "SensorInformation" is undefined
StorageManager.c(19): warning:  #1-D: last line of file ends without a newline
compiling UpdateManager.c...
UpdateManager.h(28): warning:  #1295-D: Deprecated declaration sendAverageToGSM - give arg types
UpdateManager.h(30): warning:  #1-D: last line of file ends without a newline
UpdateManager.c(35): warning:  #940-D: missing return statement at end of non-void function "demandTemperatureData"
UpdateManager.c(40): warning:  #940-D: missing return statement at end of non-void function "demandHumidityData"
UpdateManager.c(57): warning:  #1-D: last line of file ends without a newline
Target not created
Build target 'Target 1'
compiling StorageManager.c...
StorageManager.h(8): error:  #92: identifier-list parameters may only be used in a function definition
StorageManager.h(11): error:  #20: identifier "SensorInformation" is undefined
StorageManager.h(13): warning:  #1-D: last line of file ends without a newline
IOManager.h(22): warning:  #1-D: last line of file ends without a newline
StorageManager.c(20): warning:  #1-D: last line of file ends without a newline
Target not created
Build target 'Target 1'
compiling ApplicationEntryPoint.c...
IOManager.h(22): warning:  #1-D: last line of file ends without a newline
UpdateManager.h(28): warning:  #1295-D: Deprecated declaration sendAverageToGSM - give arg types
UpdateManager.h(30): warning:  #1-D: last line of file ends without a newline
StorageManager.h(15): warning:  #1-D: last line of file ends without a newline
DisplayManager.h(13): warning:  #1-D: last line of file ends without a newline
GSMManager.h(12): warning:  #1-D: last line of file ends without a newline
ApplicationEntryPoint.c(34): warning:  #111-D: statement is unreachable
ApplicationEntryPoint.c(35): warning:  #1-D: last line of file ends without a newline
compiling GSMManager.c...
IOManager.h(22): warning:  #1-D: last line of file ends without a newline
GSMManager.h(12): warning:  #1-D: last line of file ends without a newline
GSMManager.c(14): warning:  #1-D: last line of file ends without a newline
compiling IOManager.c...
IOManager.h(22): warning:  #1-D: last line of file ends without a newline
IOManager.c(25): warning:  #1-D: last line of file ends without a newline
compiling StorageManager.c...
IOManager.h(22): warning:  #1-D: last line of file ends without a newline
StorageManager.h(15): warning:  #1-D: last line of file ends without a newline
StorageManager.c(20): warning:  #1-D: last line of file ends without a newline
StorageManager.c(20): warning:  #940-D: missing return statement at end of non-void function "provideAvgOfSensorData"
linking...
GHES.axf: Error: L6200E: Symbol TEMP_THRESHOLD multiply defined (by displaymanager.o and applicationentrypoint.o).
GHES.axf: Error: L6200E: Symbol HUMIDITY_THRESHOLD multiply defined (by displaymanager.o and applicationentrypoint.o).
GHES.axf: Error: L6200E: Symbol STATE_STARTUP multiply defined (by displaymanager.o and applicationentrypoint.o).
GHES.axf: Error: L6200E: Symbol STATE_GETTING_SENSOR_DATA multiply defined (by displaymanager.o and applicationentrypoint.o).
GHES.axf: Error: L6200E: Symbol STATE_STORED_SENSOR_DATA multiply defined (by displaymanager.o and applicationentrypoint.o).
GHES.axf: Error: L6200E: Symbol STATE_SENDING_SENSOR_DATA multiply defined (by displaymanager.o and applicationentrypoint.o).
Target not created
Build target 'Target 1'
compiling ApplicationEntryPoint.c...
IOManager.h(22): warning:  #1-D: last line of file ends without a newline
UpdateManager.h(28): warning:  #1295-D: Deprecated declaration sendAverageToGSM - give arg types
UpdateManager.h(30): warning:  #1-D: last line of file ends without a newline
StorageManager.h(15): warning:  #1-D: last line of file ends without a newline
DisplayManager.h(13): warning:  #1-D: last line of file ends without a newline
GSMManager.h(12): warning:  #1-D: last line of file ends without a newline
ApplicationEntryPoint.c(34): warning:  #111-D: statement is unreachable
ApplicationEntryPoint.c(35): warning:  #1-D: last line of file ends without a newline
compiling DisplayManager.c...
DisplayManager.h(13): warning:  #1-D: last line of file ends without a newline
DisplayManager.c(20): warning:  #1-D: last line of file ends without a newline
compiling GSMManager.c...
IOManager.h(22): warning:  #1-D: last line of file ends without a newline
GSMManager.h(12): warning:  #1-D: last line of file ends without a newline
GSMManager.c(14): warning:  #1-D: last line of file ends without a newline
compiling IOManager.c...
IOManager.h(22): warning:  #1-D: last line of file ends without a newline
IOManager.c(25): warning:  #1-D: last line of file ends without a newline
compiling StorageManager.c...
IOManager.h(22): warning:  #1-D: last line of file ends without a newline
StorageManager.h(15): warning:  #1-D: last line of file ends without a newline
StorageManager.c(20): warning:  #1-D: last line of file ends without a newline
StorageManager.c(20): warning:  #940-D: missing return statement at end of non-void function "provideAvgOfSensorData"
compiling UpdateManager.c...
UpdateManager.h(28): warning:  #1295-D: Deprecated declaration sendAverageToGSM - give arg types
UpdateManager.h(30): warning:  #1-D: last line of file ends without a newline
UpdateManager.c(35): warning:  #940-D: missing return statement at end of non-void function "demandTemperatureData"
UpdateManager.c(40): warning:  #940-D: missing return statement at end of non-void function "demandHumidityData"
UpdateManager.c(57): warning:  #1-D: last line of file ends without a newline
linking...
GHES.axf: Error: L6200E: Symbol TEMP_THRESHOLD multiply defined (by displaymanager.o and applicationentrypoint.o).
GHES.axf: Error: L6200E: Symbol HUMIDITY_THRESHOLD multiply defined (by displaymanager.o and applicationentrypoint.o).
GHES.axf: Error: L6200E: Symbol STATE_STARTUP multiply defined (by displaymanager.o and applicationentrypoint.o).
GHES.axf: Error: L6200E: Symbol STATE_GETTING_SENSOR_DATA multiply defined (by displaymanager.o and applicationentrypoint.o).
GHES.axf: Error: L6200E: Symbol STATE_STORED_SENSOR_DATA multiply defined (by displaymanager.o and applicationentrypoint.o).
GHES.axf: Error: L6200E: Symbol STATE_SENDING_SENSOR_DATA multiply defined (by displaymanager.o and applicationentrypoint.o).
Target not created
Build target 'Target 1'
compiling DisplayManager.c...
DisplayManager.h(13): warning:  #1-D: last line of file ends without a newline
DisplayManager.c(19): warning:  #1-D: last line of file ends without a newline
linking...
Program Size: Code=768 RO-data=16 RW-data=0 ZI-data=1256  
"GHES.axf" - 0 Error(s), 2 Warning(s).
Build target 'Target 1'
compiling ApplicationEntryPoint.c...
IOManager.h(22): warning:  #1-D: last line of file ends without a newline
UpdateManager.h(28): warning:  #1295-D: Deprecated declaration sendAverageToGSM - give arg types
UpdateManager.h(30): warning:  #1-D: last line of file ends without a newline
StorageManager.h(15): warning:  #1-D: last line of file ends without a newline
DisplayManager.h(13): warning:  #1-D: last line of file ends without a newline
GSMManager.h(12): warning:  #1-D: last line of file ends without a newline
ApplicationEntryPoint.c(34): warning:  #111-D: statement is unreachable
ApplicationEntryPoint.c(35): warning:  #1-D: last line of file ends without a newline
linking...
Program Size: Code=768 RO-data=16 RW-data=0 ZI-data=1256  
FromELF: creating hex file...
"GHES.axf" - 0 Error(s), 8 Warning(s).
